src/components/AddCategoryModal.tsx(41,21): error TS2345: Argument of type '{ label: string; kind: CategoryKind; icon: string; }' is not assignable to parameter of type 'Omit<Category, "id">'.
  Property 'scope' is missing in type '{ label: string; kind: CategoryKind; icon: string; }' but required in type 'Omit<Category, "id">'.
src/components/BottomNav.tsx(8,10): error TS2614: Module '"./SideNav"' has no exported member 'MarcosIcon'. Did you mean to use 'import MarcosIcon from "./SideNav"' instead?
src/components/BottomNav.tsx(8,22): error TS2614: Module '"./SideNav"' has no exported member 'CamilaIcon'. Did you mean to use 'import CamilaIcon from "./SideNav"' instead?
